// Jest Snapshot v1, https://goo.gl/fbAQLP

exports[`Animal Crossing App renders a list of villagers with pagination 1`] = `
<ul
  aria-label="villagers"
/>
`;

exports[`Animal Crossing App renders a single villager 1`] = `
<h1>
  Animal Crossing Villagers
</h1>
`;

exports[`App component renders App 1`] = `
<DocumentFragment>
  <div>
    <a
      href="/"
    >
      <h1>
        Animal Crossing Villagers
      </h1>
    </a>
  </div>
  <div>
    <img
      alt="loading"
      height="250px"
      src="https://furrycdn.org/img/view/2020/11/19/48649.gif"
    />
  </div>
</DocumentFragment>
`;
