// Jest Snapshot v1, https://goo.gl/fbAQLP

exports[`App component renders App 1`] = `
<DocumentFragment>
  <div>
    <a
      href="/"
    >
      <h1>
        Animal Crossing Villagers
      </h1>
    </a>
  </div>
  <div>
    <img
      alt="loading"
      height="250px"
      src="https://furrycdn.org/img/view/2020/11/19/48649.gif"
    />
  </div>
</DocumentFragment>
`;
